Archive member included because of file (symbol)

c:/winavr-20080610/bin/../lib/gcc/avr/4.3.0/avr4\libgcc.a(_divmodhi4.o)
                              ledblink.o (__divmodhi4)
c:/winavr-20080610/bin/../lib/gcc/avr/4.3.0/avr4\libgcc.a(_exit.o)
                              c:/winavr-20080610/bin/../lib/gcc/avr/4.3.0/../../../../avr/lib/avr4/crtm8.o (exit)
c:/winavr-20080610/bin/../lib/gcc/avr/4.3.0/avr4\libgcc.a(_copy_data.o)
                              ledblink.o (__do_copy_data)
c:/winavr-20080610/bin/../lib/gcc/avr/4.3.0/avr4\libgcc.a(_clear_bss.o)
                              ledblink.o (__do_clear_bss)
c:/winavr-20080610/bin/../lib/gcc/avr/4.3.0/avr4\libgcc.a(_udivmodhi4.o)
                              c:/winavr-20080610/bin/../lib/gcc/avr/4.3.0/avr4\libgcc.a(_divmodhi4.o) (__udivmodhi4)
c:/winavr-20080610/bin/../lib/gcc/avr/4.3.0/../../../../avr/lib/avr4\libc.a(strcpy.o)
                              ledblink.o (strcpy)
c:/winavr-20080610/bin/../lib/gcc/avr/4.3.0/../../../../avr/lib/avr4\libc.a(sprintf.o)
                              ledblink.o (sprintf)
c:/winavr-20080610/bin/../lib/gcc/avr/4.3.0/../../../../avr/lib/avr4\libc.a(vfprintf_std.o)
                              c:/winavr-20080610/bin/../lib/gcc/avr/4.3.0/../../../../avr/lib/avr4\libc.a(sprintf.o) (vfprintf)
c:/winavr-20080610/bin/../lib/gcc/avr/4.3.0/../../../../avr/lib/avr4\libc.a(strnlen_P.o)
                              c:/winavr-20080610/bin/../lib/gcc/avr/4.3.0/../../../../avr/lib/avr4\libc.a(vfprintf_std.o) (strnlen_P)
c:/winavr-20080610/bin/../lib/gcc/avr/4.3.0/../../../../avr/lib/avr4\libc.a(strnlen.o)
                              c:/winavr-20080610/bin/../lib/gcc/avr/4.3.0/../../../../avr/lib/avr4\libc.a(vfprintf_std.o) (strnlen)
c:/winavr-20080610/bin/../lib/gcc/avr/4.3.0/../../../../avr/lib/avr4\libc.a(fputc.o)
                              c:/winavr-20080610/bin/../lib/gcc/avr/4.3.0/../../../../avr/lib/avr4\libc.a(vfprintf_std.o) (fputc)
c:/winavr-20080610/bin/../lib/gcc/avr/4.3.0/../../../../avr/lib/avr4\libc.a(ultoa_invert.o)
                              c:/winavr-20080610/bin/../lib/gcc/avr/4.3.0/../../../../avr/lib/avr4\libc.a(vfprintf_std.o) (__ultoa_invert)
c:/winavr-20080610/bin/../lib/gcc/avr/4.3.0/avr4\libgcc.a(_prologue.o)
                              c:/winavr-20080610/bin/../lib/gcc/avr/4.3.0/../../../../avr/lib/avr4\libc.a(sprintf.o) (__prologue_saves__)
c:/winavr-20080610/bin/../lib/gcc/avr/4.3.0/avr4\libgcc.a(_epilogue.o)
                              c:/winavr-20080610/bin/../lib/gcc/avr/4.3.0/../../../../avr/lib/avr4\libc.a(sprintf.o) (__epilogue_restores__)

Allocating common symbols
Common symbol       size              file

schildbuffer        0x12c             ledblink.o
adbuffer            0x0               ledblink.o
tempstring          0x64              ledblink.o

Memory Configuration

Name             Origin             Length             Attributes
text             0x00000000         0x00002000         xr
data             0x00800060         0x0000ffa0         rw !x
eeprom           0x00810000         0x00010000         rw !x
fuse             0x00820000         0x00000400         rw !x
lock             0x00830000         0x00000400         rw !x
signature        0x00840000         0x00000400         rw !x
*default*        0x00000000         0xffffffff

Linker script and memory map

LOAD c:/winavr-20080610/bin/../lib/gcc/avr/4.3.0/../../../../avr/lib/avr4/crtm8.o
LOAD ledblink.o
LOAD xbee.o
LOAD uart.o
LOAD c:/winavr-20080610/bin/../lib/gcc/avr/4.3.0/avr4\libgcc.a
LOAD c:/winavr-20080610/bin/../lib/gcc/avr/4.3.0/../../../../avr/lib/avr4\libc.a
LOAD c:/winavr-20080610/bin/../lib/gcc/avr/4.3.0/avr4\libgcc.a

.hash
 *(.hash)

.dynsym
 *(.dynsym)

.dynstr
 *(.dynstr)

.gnu.version
 *(.gnu.version)

.gnu.version_d
 *(.gnu.version_d)

.gnu.version_r
 *(.gnu.version_r)

.rel.init
 *(.rel.init)

.rela.init
 *(.rela.init)

.rel.text
 *(.rel.text)
 *(.rel.text.*)
 *(.rel.gnu.linkonce.t*)

.rela.text
 *(.rela.text)
 *(.rela.text.*)
 *(.rela.gnu.linkonce.t*)

.rel.fini
 *(.rel.fini)

.rela.fini
 *(.rela.fini)

.rel.rodata
 *(.rel.rodata)
 *(.rel.rodata.*)
 *(.rel.gnu.linkonce.r*)

.rela.rodata
 *(.rela.rodata)
 *(.rela.rodata.*)
 *(.rela.gnu.linkonce.r*)

.rel.data
 *(.rel.data)
 *(.rel.data.*)
 *(.rel.gnu.linkonce.d*)

.rela.data
 *(.rela.data)
 *(.rela.data.*)
 *(.rela.gnu.linkonce.d*)

.rel.ctors
 *(.rel.ctors)

.rela.ctors
 *(.rela.ctors)

.rel.dtors
 *(.rel.dtors)

.rela.dtors
 *(.rela.dtors)

.rel.got
 *(.rel.got)

.rela.got
 *(.rela.got)

.rel.bss
 *(.rel.bss)

.rela.bss
 *(.rela.bss)

.rel.plt
 *(.rel.plt)

.rela.plt
 *(.rela.plt)

.text           0x00000000      0xc6a
 *(.vectors)
 .vectors       0x00000000       0x26 c:/winavr-20080610/bin/../lib/gcc/avr/4.3.0/../../../../avr/lib/avr4/crtm8.o
                0x00000000                __vectors
                0x00000000                __vector_default
 *(.vectors)
 *(.progmem.gcc*)
 *(.progmem*)
                0x00000026                . = ALIGN (0x2)
                0x00000026                __trampolines_start = .
 *(.trampolines)
 .trampolines   0x00000026        0x0 linker stubs
 *(.trampolines*)
                0x00000026                __trampolines_end = .
 *(.jumptables)
 *(.jumptables*)
 *(.lowtext)
 *(.lowtext*)
                0x00000026                __ctors_start = .
 *(.ctors)
                0x00000026                __ctors_end = .
                0x00000026                __dtors_start = .
 *(.dtors)
                0x00000026                __dtors_end = .
 SORT(*)(.ctors)
 SORT(*)(.dtors)
 *(.init0)
 .init0         0x00000026        0x0 c:/winavr-20080610/bin/../lib/gcc/avr/4.3.0/../../../../avr/lib/avr4/crtm8.o
                0x00000026                __init
 *(.init0)
 *(.init1)
 *(.init1)
 *(.init2)
 .init2         0x00000026        0xc c:/winavr-20080610/bin/../lib/gcc/avr/4.3.0/../../../../avr/lib/avr4/crtm8.o
 *(.init2)
 *(.init3)
 *(.init3)
 *(.init4)
 .init4         0x00000032       0x16 c:/winavr-20080610/bin/../lib/gcc/avr/4.3.0/avr4\libgcc.a(_copy_data.o)
                0x00000032                __do_copy_data
 .init4         0x00000048       0x10 c:/winavr-20080610/bin/../lib/gcc/avr/4.3.0/avr4\libgcc.a(_clear_bss.o)
                0x00000048                __do_clear_bss
 *(.init4)
 *(.init5)
 *(.init5)
 *(.init6)
 *(.init6)
 *(.init7)
 *(.init7)
 *(.init8)
 *(.init8)
 *(.init9)
 .init9         0x00000058        0x4 c:/winavr-20080610/bin/../lib/gcc/avr/4.3.0/../../../../avr/lib/avr4/crtm8.o
 *(.init9)
 *(.text)
 .text          0x0000005c        0x2 c:/winavr-20080610/bin/../lib/gcc/avr/4.3.0/../../../../avr/lib/avr4/crtm8.o
                0x0000005c                __vector_1
                0x0000005c                __vector_12
                0x0000005c                __bad_interrupt
                0x0000005c                __vector_3
                0x0000005c                __vector_13
                0x0000005c                __vector_17
                0x0000005c                __vector_4
                0x0000005c                __vector_2
                0x0000005c                __vector_15
                0x0000005c                __vector_8
                0x0000005c                __vector_14
                0x0000005c                __vector_10
                0x0000005c                __vector_16
                0x0000005c                __vector_18
 .text          0x0000005e      0x314 ledblink.o
                0x000001e4                __vector_11
                0x00000072                main
                0x0000005e                __vector_9
                0x0000014a                set_dest
 .text          0x00000372       0xa8 xbee.o
                0x000003ea                init_xbee
                0x00000372                sendXBeeCMD
 .text          0x0000041a      0x262 uart.o
                0x0000048c                uartSW_init
                0x00000442                uart_gets
                0x0000052e                __vector_6
                0x0000047a                init_uart
                0x000004bc                uartSW_putc
                0x00000426                uart_puts
                0x0000065e                uartSW_getc_nowait
                0x000005dc                __vector_7
                0x00000578                __vector_5
                0x0000043a                uart_getc
                0x0000064a                uartSW_getc_wait
                0x0000041a                uart_putc
                0x000004f0                uartSW_puts
 .text          0x0000067c        0x0 c:/winavr-20080610/bin/../lib/gcc/avr/4.3.0/avr4\libgcc.a(_divmodhi4.o)
 .text          0x0000067c        0x0 c:/winavr-20080610/bin/../lib/gcc/avr/4.3.0/avr4\libgcc.a(_exit.o)
 .text          0x0000067c        0x0 c:/winavr-20080610/bin/../lib/gcc/avr/4.3.0/avr4\libgcc.a(_copy_data.o)
 .text          0x0000067c        0x0 c:/winavr-20080610/bin/../lib/gcc/avr/4.3.0/avr4\libgcc.a(_clear_bss.o)
 .text          0x0000067c        0x0 c:/winavr-20080610/bin/../lib/gcc/avr/4.3.0/avr4\libgcc.a(_udivmodhi4.o)
 .text          0x0000067c        0xe c:/winavr-20080610/bin/../lib/gcc/avr/4.3.0/../../../../avr/lib/avr4\libc.a(strcpy.o)
                0x0000067c                strcpy
 .text          0x0000068a       0x40 c:/winavr-20080610/bin/../lib/gcc/avr/4.3.0/../../../../avr/lib/avr4\libc.a(sprintf.o)
                0x0000068a                sprintf
 .text          0x000006ca      0x3a0 c:/winavr-20080610/bin/../lib/gcc/avr/4.3.0/../../../../avr/lib/avr4\libc.a(vfprintf_std.o)
                0x000006ca                vfprintf
 .text          0x00000a6a       0x16 c:/winavr-20080610/bin/../lib/gcc/avr/4.3.0/../../../../avr/lib/avr4\libc.a(strnlen_P.o)
                0x00000a6a                strnlen_P
 .text          0x00000a80       0x16 c:/winavr-20080610/bin/../lib/gcc/avr/4.3.0/../../../../avr/lib/avr4\libc.a(strnlen.o)
                0x00000a80                strnlen
 .text          0x00000a96       0x58 c:/winavr-20080610/bin/../lib/gcc/avr/4.3.0/../../../../avr/lib/avr4\libc.a(fputc.o)
                0x00000a96                fputc
 .text          0x00000aee       0xbc c:/winavr-20080610/bin/../lib/gcc/avr/4.3.0/../../../../avr/lib/avr4\libc.a(ultoa_invert.o)
                0x00000aee                __ultoa_invert
 .text          0x00000baa        0x0 c:/winavr-20080610/bin/../lib/gcc/avr/4.3.0/avr4\libgcc.a(_prologue.o)
 .text          0x00000baa        0x0 c:/winavr-20080610/bin/../lib/gcc/avr/4.3.0/avr4\libgcc.a(_epilogue.o)
                0x00000baa                . = ALIGN (0x2)
 *(.text.*)
 .text.libgcc   0x00000baa       0x26 c:/winavr-20080610/bin/../lib/gcc/avr/4.3.0/avr4\libgcc.a(_divmodhi4.o)
                0x00000baa                __divmodhi4
                0x00000baa                _div
 .text.libgcc   0x00000bd0        0x0 c:/winavr-20080610/bin/../lib/gcc/avr/4.3.0/avr4\libgcc.a(_exit.o)
 .text.libgcc   0x00000bd0        0x0 c:/winavr-20080610/bin/../lib/gcc/avr/4.3.0/avr4\libgcc.a(_copy_data.o)
 .text.libgcc   0x00000bd0        0x0 c:/winavr-20080610/bin/../lib/gcc/avr/4.3.0/avr4\libgcc.a(_clear_bss.o)
 .text.libgcc   0x00000bd0       0x28 c:/winavr-20080610/bin/../lib/gcc/avr/4.3.0/avr4\libgcc.a(_udivmodhi4.o)
                0x00000bd0                __udivmodhi4
 .text.libgcc   0x00000bf8       0x38 c:/winavr-20080610/bin/../lib/gcc/avr/4.3.0/avr4\libgcc.a(_prologue.o)
                0x00000bf8                __prologue_saves__
 .text.libgcc   0x00000c30       0x36 c:/winavr-20080610/bin/../lib/gcc/avr/4.3.0/avr4\libgcc.a(_epilogue.o)
                0x00000c30                __epilogue_restores__
                0x00000c66                . = ALIGN (0x2)
 *(.fini9)
 .fini9         0x00000c66        0x0 c:/winavr-20080610/bin/../lib/gcc/avr/4.3.0/avr4\libgcc.a(_exit.o)
                0x00000c66                exit
                0x00000c66                _exit
 *(.fini9)
 *(.fini8)
 *(.fini8)
 *(.fini7)
 *(.fini7)
 *(.fini6)
 *(.fini6)
 *(.fini5)
 *(.fini5)
 *(.fini4)
 *(.fini4)
 *(.fini3)
 *(.fini3)
 *(.fini2)
 *(.fini2)
 *(.fini1)
 *(.fini1)
 *(.fini0)
 .fini0         0x00000c66        0x4 c:/winavr-20080610/bin/../lib/gcc/avr/4.3.0/avr4\libgcc.a(_exit.o)
 *(.fini0)
                0x00000c6a                _etext = .

.data           0x00800060      0x134 load address 0x00000c6a
                0x00800060                PROVIDE (__data_start, .)
 *(.data)
 .data          0x00800060        0x0 c:/winavr-20080610/bin/../lib/gcc/avr/4.3.0/../../../../avr/lib/avr4/crtm8.o
 .data          0x00800060       0xde ledblink.o
                0x00800076                schildinc
                0x008000da                adinc
 .data          0x0080013e       0x56 xbee.o
 .data          0x00800194        0x0 uart.o
 .data          0x00800194        0x0 c:/winavr-20080610/bin/../lib/gcc/avr/4.3.0/avr4\libgcc.a(_divmodhi4.o)
 .data          0x00800194        0x0 c:/winavr-20080610/bin/../lib/gcc/avr/4.3.0/avr4\libgcc.a(_exit.o)
 .data          0x00800194        0x0 c:/winavr-20080610/bin/../lib/gcc/avr/4.3.0/avr4\libgcc.a(_copy_data.o)
 .data          0x00800194        0x0 c:/winavr-20080610/bin/../lib/gcc/avr/4.3.0/avr4\libgcc.a(_clear_bss.o)
 .data          0x00800194        0x0 c:/winavr-20080610/bin/../lib/gcc/avr/4.3.0/avr4\libgcc.a(_udivmodhi4.o)
 .data          0x00800194        0x0 c:/winavr-20080610/bin/../lib/gcc/avr/4.3.0/../../../../avr/lib/avr4\libc.a(strcpy.o)
 .data          0x00800194        0x0 c:/winavr-20080610/bin/../lib/gcc/avr/4.3.0/../../../../avr/lib/avr4\libc.a(sprintf.o)
 .data          0x00800194        0x0 c:/winavr-20080610/bin/../lib/gcc/avr/4.3.0/../../../../avr/lib/avr4\libc.a(vfprintf_std.o)
 .data          0x00800194        0x0 c:/winavr-20080610/bin/../lib/gcc/avr/4.3.0/../../../../avr/lib/avr4\libc.a(strnlen_P.o)
 .data          0x00800194        0x0 c:/winavr-20080610/bin/../lib/gcc/avr/4.3.0/../../../../avr/lib/avr4\libc.a(strnlen.o)
 .data          0x00800194        0x0 c:/winavr-20080610/bin/../lib/gcc/avr/4.3.0/../../../../avr/lib/avr4\libc.a(fputc.o)
 .data          0x00800194        0x0 c:/winavr-20080610/bin/../lib/gcc/avr/4.3.0/../../../../avr/lib/avr4\libc.a(ultoa_invert.o)
 .data          0x00800194        0x0 c:/winavr-20080610/bin/../lib/gcc/avr/4.3.0/avr4\libgcc.a(_prologue.o)
 .data          0x00800194        0x0 c:/winavr-20080610/bin/../lib/gcc/avr/4.3.0/avr4\libgcc.a(_epilogue.o)
 *(.data*)
 *(.rodata)
 *(.rodata*)
 *(.gnu.linkonce.d*)
                0x00800194                . = ALIGN (0x2)
                0x00800194                _edata = .
                0x00800194                PROVIDE (__data_end, .)

.bss            0x00800194      0x1ab load address 0x00000d9e
                0x00800194                PROVIDE (__bss_start, .)
 *(.bss)
 .bss           0x00800194        0x0 c:/winavr-20080610/bin/../lib/gcc/avr/4.3.0/../../../../avr/lib/avr4/crtm8.o
 .bss           0x00800194       0x14 ledblink.o
                0x008001a4                nextAdShowslot
                0x0080019a                command
                0x0080019c                nextSchildOverwriteslot
                0x0080019e                nextSchildShowslot
                0x008001a0                Schildslotsused
                0x00800198                compare
                0x00800194                count
                0x008001a2                nextAdOverwriteslot
                0x008001a6                Adslotsused
 .bss           0x008001a8        0x0 xbee.o
 .bss           0x008001a8        0x7 uart.o
 .bss           0x008001af        0x0 c:/winavr-20080610/bin/../lib/gcc/avr/4.3.0/avr4\libgcc.a(_divmodhi4.o)
 .bss           0x008001af        0x0 c:/winavr-20080610/bin/../lib/gcc/avr/4.3.0/avr4\libgcc.a(_exit.o)
 .bss           0x008001af        0x0 c:/winavr-20080610/bin/../lib/gcc/avr/4.3.0/avr4\libgcc.a(_copy_data.o)
 .bss           0x008001af        0x0 c:/winavr-20080610/bin/../lib/gcc/avr/4.3.0/avr4\libgcc.a(_clear_bss.o)
 .bss           0x008001af        0x0 c:/winavr-20080610/bin/../lib/gcc/avr/4.3.0/avr4\libgcc.a(_udivmodhi4.o)
 .bss           0x008001af        0x0 c:/winavr-20080610/bin/../lib/gcc/avr/4.3.0/../../../../avr/lib/avr4\libc.a(strcpy.o)
 .bss           0x008001af        0x0 c:/winavr-20080610/bin/../lib/gcc/avr/4.3.0/../../../../avr/lib/avr4\libc.a(sprintf.o)
 .bss           0x008001af        0x0 c:/winavr-20080610/bin/../lib/gcc/avr/4.3.0/../../../../avr/lib/avr4\libc.a(vfprintf_std.o)
 .bss           0x008001af        0x0 c:/winavr-20080610/bin/../lib/gcc/avr/4.3.0/../../../../avr/lib/avr4\libc.a(strnlen_P.o)
 .bss           0x008001af        0x0 c:/winavr-20080610/bin/../lib/gcc/avr/4.3.0/../../../../avr/lib/avr4\libc.a(strnlen.o)
 .bss           0x008001af        0x0 c:/winavr-20080610/bin/../lib/gcc/avr/4.3.0/../../../../avr/lib/avr4\libc.a(fputc.o)
 .bss           0x008001af        0x0 c:/winavr-20080610/bin/../lib/gcc/avr/4.3.0/../../../../avr/lib/avr4\libc.a(ultoa_invert.o)
 .bss           0x008001af        0x0 c:/winavr-20080610/bin/../lib/gcc/avr/4.3.0/avr4\libgcc.a(_prologue.o)
 .bss           0x008001af        0x0 c:/winavr-20080610/bin/../lib/gcc/avr/4.3.0/avr4\libgcc.a(_epilogue.o)
 *(.bss*)
 *(COMMON)
 COMMON         0x008001af      0x190 ledblink.o
                0x008001af                schildbuffer
                0x008002db                adbuffer
                0x008002db                tempstring
                0x0080033f                PROVIDE (__bss_end, .)
                0x00000c6a                __data_load_start = LOADADDR (.data)
                0x00000d9e                __data_load_end = (__data_load_start + SIZEOF (.data))

.noinit         0x0080033f        0x0
                0x0080033f                PROVIDE (__noinit_start, .)
 *(.noinit*)
                0x0080033f                PROVIDE (__noinit_end, .)
                0x0080033f                _end = .
                0x0080033f                PROVIDE (__heap_start, .)

.eeprom         0x00810000        0x0
 *(.eeprom*)
                0x00810000                __eeprom_end = .

.fuse
 *(.fuse)
 *(.lfuse)
 *(.hfuse)
 *(.efuse)

.lock
 *(.lock*)

.signature
 *(.signature*)

.stab
 *(.stab)

.stabstr
 *(.stabstr)

.stab.excl
 *(.stab.excl)

.stab.exclstr
 *(.stab.exclstr)

.stab.index
 *(.stab.index)

.stab.indexstr
 *(.stab.indexstr)

.comment
 *(.comment)

.debug
 *(.debug)

.line
 *(.line)

.debug_srcinfo
 *(.debug_srcinfo)

.debug_sfnames
 *(.debug_sfnames)

.debug_aranges  0x00000000       0x60
 *(.debug_aranges)
 .debug_aranges
                0x00000000       0x20 ledblink.o
 .debug_aranges
                0x00000020       0x20 xbee.o
 .debug_aranges
                0x00000040       0x20 uart.o

.debug_pubnames
                0x00000000      0x241
 *(.debug_pubnames)
 .debug_pubnames
                0x00000000      0x130 ledblink.o
 .debug_pubnames
                0x00000130       0x30 xbee.o
 .debug_pubnames
                0x00000160       0xe1 uart.o

.debug_info     0x00000000      0x929
 *(.debug_info)
 .debug_info    0x00000000      0x3ef ledblink.o
 .debug_info    0x000003ef      0x1ca xbee.o
 .debug_info    0x000005b9      0x370 uart.o
 *(.gnu.linkonce.wi.*)

.debug_abbrev   0x00000000      0x405
 *(.debug_abbrev)
 .debug_abbrev  0x00000000      0x16b ledblink.o
 .debug_abbrev  0x0000016b      0x10e xbee.o
 .debug_abbrev  0x00000279      0x18c uart.o

.debug_line     0x00000000      0x958
 *(.debug_line)
 .debug_line    0x00000000      0x3cd ledblink.o
 .debug_line    0x000003cd      0x17c xbee.o
 .debug_line    0x00000549      0x40f uart.o

.debug_frame    0x00000000      0x160
 *(.debug_frame)
 .debug_frame   0x00000000       0x50 ledblink.o
 .debug_frame   0x00000050       0x30 xbee.o
 .debug_frame   0x00000080       0xe0 uart.o

.debug_str      0x00000000      0x2fd
 *(.debug_str)
 .debug_str     0x00000000      0x1f3 ledblink.o
                                0x232 (size before relaxing)
 .debug_str     0x000001f3       0x29 xbee.o
                                0x15d (size before relaxing)
 .debug_str     0x0000021c       0xe1 uart.o
                                0x1e5 (size before relaxing)

.debug_loc      0x00000000      0x3ae
 *(.debug_loc)
 .debug_loc     0x00000000      0x156 ledblink.o
 .debug_loc     0x00000156       0x76 xbee.o
 .debug_loc     0x000001cc      0x1e2 uart.o

.debug_macinfo
 *(.debug_macinfo)
OUTPUT(ledblink.elf elf32-avr)
LOAD linker stubs

.debug_ranges   0x00000000       0xa8
 .debug_ranges  0x00000000       0x90 ledblink.o
 .debug_ranges  0x00000090       0x18 uart.o
