Archive member included because of file (symbol)

c:/winavr-20080610/bin/../lib/gcc/avr/4.3.0/avr4\libgcc.a(_divmodhi4.o)
                              Lampe.o (__divmodhi4)
c:/winavr-20080610/bin/../lib/gcc/avr/4.3.0/avr4\libgcc.a(_exit.o)
                              c:/winavr-20080610/bin/../lib/gcc/avr/4.3.0/../../../../avr/lib/avr4/crtm8.o (exit)
c:/winavr-20080610/bin/../lib/gcc/avr/4.3.0/avr4\libgcc.a(_copy_data.o)
                              Lampe.o (__do_copy_data)
c:/winavr-20080610/bin/../lib/gcc/avr/4.3.0/avr4\libgcc.a(_clear_bss.o)
                              Lampe.o (__do_clear_bss)
c:/winavr-20080610/bin/../lib/gcc/avr/4.3.0/avr4\libgcc.a(_udivmodhi4.o)
                              c:/winavr-20080610/bin/../lib/gcc/avr/4.3.0/avr4\libgcc.a(_divmodhi4.o) (__udivmodhi4)
c:/winavr-20080610/bin/../lib/gcc/avr/4.3.0/../../../../avr/lib/avr4\libc.a(strcmp.o)
                              Lampe.o (strcmp)
c:/winavr-20080610/bin/../lib/gcc/avr/4.3.0/../../../../avr/lib/avr4\libc.a(strcpy.o)
                              Lampe.o (strcpy)
c:/winavr-20080610/bin/../lib/gcc/avr/4.3.0/../../../../avr/lib/avr4\libc.a(sprintf.o)
                              Lampe.o (sprintf)
c:/winavr-20080610/bin/../lib/gcc/avr/4.3.0/../../../../avr/lib/avr4\libc.a(vfprintf_std.o)
                              c:/winavr-20080610/bin/../lib/gcc/avr/4.3.0/../../../../avr/lib/avr4\libc.a(sprintf.o) (vfprintf)
c:/winavr-20080610/bin/../lib/gcc/avr/4.3.0/../../../../avr/lib/avr4\libc.a(strnlen_P.o)
                              c:/winavr-20080610/bin/../lib/gcc/avr/4.3.0/../../../../avr/lib/avr4\libc.a(vfprintf_std.o) (strnlen_P)
c:/winavr-20080610/bin/../lib/gcc/avr/4.3.0/../../../../avr/lib/avr4\libc.a(strnlen.o)
                              c:/winavr-20080610/bin/../lib/gcc/avr/4.3.0/../../../../avr/lib/avr4\libc.a(vfprintf_std.o) (strnlen)
c:/winavr-20080610/bin/../lib/gcc/avr/4.3.0/../../../../avr/lib/avr4\libc.a(fputc.o)
                              c:/winavr-20080610/bin/../lib/gcc/avr/4.3.0/../../../../avr/lib/avr4\libc.a(vfprintf_std.o) (fputc)
c:/winavr-20080610/bin/../lib/gcc/avr/4.3.0/../../../../avr/lib/avr4\libc.a(ultoa_invert.o)
                              c:/winavr-20080610/bin/../lib/gcc/avr/4.3.0/../../../../avr/lib/avr4\libc.a(vfprintf_std.o) (__ultoa_invert)
c:/winavr-20080610/bin/../lib/gcc/avr/4.3.0/avr4\libgcc.a(_prologue.o)
                              c:/winavr-20080610/bin/../lib/gcc/avr/4.3.0/../../../../avr/lib/avr4\libc.a(sprintf.o) (__prologue_saves__)
c:/winavr-20080610/bin/../lib/gcc/avr/4.3.0/avr4\libgcc.a(_epilogue.o)
                              c:/winavr-20080610/bin/../lib/gcc/avr/4.3.0/../../../../avr/lib/avr4\libc.a(sprintf.o) (__epilogue_restores__)

Allocating common symbols
Common symbol       size              file

lampid              0x5               Lampe.o
schildbuffer        0xb4              Lampe.o
csum                0x7               Lampe.o
adbuffer            0xf0              Lampe.o
tempstring          0x78              Lampe.o

Memory Configuration

Name             Origin             Length             Attributes
text             0x00000000         0x00002000         xr
data             0x00800060         0x0000ffa0         rw !x
eeprom           0x00810000         0x00010000         rw !x
fuse             0x00820000         0x00000400         rw !x
lock             0x00830000         0x00000400         rw !x
signature        0x00840000         0x00000400         rw !x
*default*        0x00000000         0xffffffff

Linker script and memory map

LOAD c:/winavr-20080610/bin/../lib/gcc/avr/4.3.0/../../../../avr/lib/avr4/crtm8.o
LOAD Lampe.o
LOAD uart.o
LOAD c:/winavr-20080610/bin/../lib/gcc/avr/4.3.0/avr4\libgcc.a
LOAD c:/winavr-20080610/bin/../lib/gcc/avr/4.3.0/../../../../avr/lib/avr4\libc.a
LOAD c:/winavr-20080610/bin/../lib/gcc/avr/4.3.0/avr4\libgcc.a

.hash
 *(.hash)

.dynsym
 *(.dynsym)

.dynstr
 *(.dynstr)

.gnu.version
 *(.gnu.version)

.gnu.version_d
 *(.gnu.version_d)

.gnu.version_r
 *(.gnu.version_r)

.rel.init
 *(.rel.init)

.rela.init
 *(.rela.init)

.rel.text
 *(.rel.text)
 *(.rel.text.*)
 *(.rel.gnu.linkonce.t*)

.rela.text
 *(.rela.text)
 *(.rela.text.*)
 *(.rela.gnu.linkonce.t*)

.rel.fini
 *(.rel.fini)

.rela.fini
 *(.rela.fini)

.rel.rodata
 *(.rel.rodata)
 *(.rel.rodata.*)
 *(.rel.gnu.linkonce.r*)

.rela.rodata
 *(.rela.rodata)
 *(.rela.rodata.*)
 *(.rela.gnu.linkonce.r*)

.rel.data
 *(.rel.data)
 *(.rel.data.*)
 *(.rel.gnu.linkonce.d*)

.rela.data
 *(.rela.data)
 *(.rela.data.*)
 *(.rela.gnu.linkonce.d*)

.rel.ctors
 *(.rel.ctors)

.rela.ctors
 *(.rela.ctors)

.rel.dtors
 *(.rel.dtors)

.rela.dtors
 *(.rela.dtors)

.rel.got
 *(.rel.got)

.rela.got
 *(.rela.got)

.rel.bss
 *(.rel.bss)

.rela.bss
 *(.rela.bss)

.rel.plt
 *(.rel.plt)

.rela.plt
 *(.rela.plt)

.text           0x00000000     0x10de
 *(.vectors)
 .vectors       0x00000000       0x26 c:/winavr-20080610/bin/../lib/gcc/avr/4.3.0/../../../../avr/lib/avr4/crtm8.o
                0x00000000                __vectors
                0x00000000                __vector_default
 *(.vectors)
 *(.progmem.gcc*)
 *(.progmem*)
                0x00000026                . = ALIGN (0x2)
                0x00000026                __trampolines_start = .
 *(.trampolines)
 .trampolines   0x00000026        0x0 linker stubs
 *(.trampolines*)
                0x00000026                __trampolines_end = .
 *(.jumptables)
 *(.jumptables*)
 *(.lowtext)
 *(.lowtext*)
                0x00000026                __ctors_start = .
 *(.ctors)
                0x00000026                __ctors_end = .
                0x00000026                __dtors_start = .
 *(.dtors)
                0x00000026                __dtors_end = .
 SORT(*)(.ctors)
 SORT(*)(.dtors)
 *(.init0)
 .init0         0x00000026        0x0 c:/winavr-20080610/bin/../lib/gcc/avr/4.3.0/../../../../avr/lib/avr4/crtm8.o
                0x00000026                __init
 *(.init0)
 *(.init1)
 *(.init1)
 *(.init2)
 .init2         0x00000026        0xc c:/winavr-20080610/bin/../lib/gcc/avr/4.3.0/../../../../avr/lib/avr4/crtm8.o
 *(.init2)
 *(.init3)
 *(.init3)
 *(.init4)
 .init4         0x00000032       0x16 c:/winavr-20080610/bin/../lib/gcc/avr/4.3.0/avr4\libgcc.a(_copy_data.o)
                0x00000032                __do_copy_data
 .init4         0x00000048       0x10 c:/winavr-20080610/bin/../lib/gcc/avr/4.3.0/avr4\libgcc.a(_clear_bss.o)
                0x00000048                __do_clear_bss
 *(.init4)
 *(.init5)
 *(.init5)
 *(.init6)
 *(.init6)
 *(.init7)
 *(.init7)
 *(.init8)
 *(.init8)
 *(.init9)
 .init9         0x00000058        0x4 c:/winavr-20080610/bin/../lib/gcc/avr/4.3.0/../../../../avr/lib/avr4/crtm8.o
 *(.init9)
 *(.text)
 .text          0x0000005c        0x2 c:/winavr-20080610/bin/../lib/gcc/avr/4.3.0/../../../../avr/lib/avr4/crtm8.o
                0x0000005c                __vector_1
                0x0000005c                __vector_12
                0x0000005c                __bad_interrupt
                0x0000005c                __vector_3
                0x0000005c                __vector_13
                0x0000005c                __vector_17
                0x0000005c                __vector_4
                0x0000005c                __vector_2
                0x0000005c                __vector_15
                0x0000005c                __vector_8
                0x0000005c                __vector_14
                0x0000005c                __vector_10
                0x0000005c                __vector_16
                0x0000005c                __vector_18
 .text          0x0000005e      0x856 Lampe.o
                0x000005e6                init_lamp
                0x00000060                get_csum_index
                0x00000498                calculate_csum
                0x0000036c                insert_in_pricetag_buffer
                0x00000544                process_packet
                0x0000008c                change_lampid
                0x000000ca                insert_in_command_buffer
                0x000003d0                insert_in_ad_buffer
                0x000000e0                send_next_ad
                0x00000258                __vector_11
                0x000000aa                set_send_trace
                0x00000160                calculate_overwriteslot
                0x0000068e                main
                0x000000cc                __vector_9
                0x000001fa                clear_buffers
                0x0000005e                addsigntobuffer
                0x000004f2                checksum_failed
                0x00000438                forwardPacketThroughSignbuffer
                0x00000120                send_next_sign
                0x0000081a                set_dest
 .text          0x000008b4      0x22a uart.o
                0x000008ee                uartSW_init
                0x00000990                __vector_6
                0x000008dc                init_uart
                0x0000091e                uartSW_putc
                0x000008c0                uart_puts
                0x00000ac0                uartSW_getc_nowait
                0x00000a3e                __vector_7
                0x000009da                __vector_5
                0x000008d4                uart_getc
                0x00000aac                uartSW_getc_wait
                0x000008b4                uart_putc
                0x00000952                uartSW_puts
 .text          0x00000ade        0x0 c:/winavr-20080610/bin/../lib/gcc/avr/4.3.0/avr4\libgcc.a(_divmodhi4.o)
 .text          0x00000ade        0x0 c:/winavr-20080610/bin/../lib/gcc/avr/4.3.0/avr4\libgcc.a(_exit.o)
 .text          0x00000ade        0x0 c:/winavr-20080610/bin/../lib/gcc/avr/4.3.0/avr4\libgcc.a(_copy_data.o)
 .text          0x00000ade        0x0 c:/winavr-20080610/bin/../lib/gcc/avr/4.3.0/avr4\libgcc.a(_clear_bss.o)
 .text          0x00000ade        0x0 c:/winavr-20080610/bin/../lib/gcc/avr/4.3.0/avr4\libgcc.a(_udivmodhi4.o)
 .text          0x00000ade       0x12 c:/winavr-20080610/bin/../lib/gcc/avr/4.3.0/../../../../avr/lib/avr4\libc.a(strcmp.o)
                0x00000ade                strcmp
 .text          0x00000af0        0xe c:/winavr-20080610/bin/../lib/gcc/avr/4.3.0/../../../../avr/lib/avr4\libc.a(strcpy.o)
                0x00000af0                strcpy
 .text          0x00000afe       0x40 c:/winavr-20080610/bin/../lib/gcc/avr/4.3.0/../../../../avr/lib/avr4\libc.a(sprintf.o)
                0x00000afe                sprintf
 .text          0x00000b3e      0x3a0 c:/winavr-20080610/bin/../lib/gcc/avr/4.3.0/../../../../avr/lib/avr4\libc.a(vfprintf_std.o)
                0x00000b3e                vfprintf
 .text          0x00000ede       0x16 c:/winavr-20080610/bin/../lib/gcc/avr/4.3.0/../../../../avr/lib/avr4\libc.a(strnlen_P.o)
                0x00000ede                strnlen_P
 .text          0x00000ef4       0x16 c:/winavr-20080610/bin/../lib/gcc/avr/4.3.0/../../../../avr/lib/avr4\libc.a(strnlen.o)
                0x00000ef4                strnlen
 .text          0x00000f0a       0x58 c:/winavr-20080610/bin/../lib/gcc/avr/4.3.0/../../../../avr/lib/avr4\libc.a(fputc.o)
                0x00000f0a                fputc
 .text          0x00000f62       0xbc c:/winavr-20080610/bin/../lib/gcc/avr/4.3.0/../../../../avr/lib/avr4\libc.a(ultoa_invert.o)
                0x00000f62                __ultoa_invert
 .text          0x0000101e        0x0 c:/winavr-20080610/bin/../lib/gcc/avr/4.3.0/avr4\libgcc.a(_prologue.o)
 .text          0x0000101e        0x0 c:/winavr-20080610/bin/../lib/gcc/avr/4.3.0/avr4\libgcc.a(_epilogue.o)
                0x0000101e                . = ALIGN (0x2)
 *(.text.*)
 .text.libgcc   0x0000101e       0x26 c:/winavr-20080610/bin/../lib/gcc/avr/4.3.0/avr4\libgcc.a(_divmodhi4.o)
                0x0000101e                __divmodhi4
                0x0000101e                _div
 .text.libgcc   0x00001044        0x0 c:/winavr-20080610/bin/../lib/gcc/avr/4.3.0/avr4\libgcc.a(_exit.o)
 .text.libgcc   0x00001044        0x0 c:/winavr-20080610/bin/../lib/gcc/avr/4.3.0/avr4\libgcc.a(_copy_data.o)
 .text.libgcc   0x00001044        0x0 c:/winavr-20080610/bin/../lib/gcc/avr/4.3.0/avr4\libgcc.a(_clear_bss.o)
 .text.libgcc   0x00001044       0x28 c:/winavr-20080610/bin/../lib/gcc/avr/4.3.0/avr4\libgcc.a(_udivmodhi4.o)
                0x00001044                __udivmodhi4
 .text.libgcc   0x0000106c       0x38 c:/winavr-20080610/bin/../lib/gcc/avr/4.3.0/avr4\libgcc.a(_prologue.o)
                0x0000106c                __prologue_saves__
 .text.libgcc   0x000010a4       0x36 c:/winavr-20080610/bin/../lib/gcc/avr/4.3.0/avr4\libgcc.a(_epilogue.o)
                0x000010a4                __epilogue_restores__
                0x000010da                . = ALIGN (0x2)
 *(.fini9)
 .fini9         0x000010da        0x0 c:/winavr-20080610/bin/../lib/gcc/avr/4.3.0/avr4\libgcc.a(_exit.o)
                0x000010da                exit
                0x000010da                _exit
 *(.fini9)
 *(.fini8)
 *(.fini8)
 *(.fini7)
 *(.fini7)
 *(.fini6)
 *(.fini6)
 *(.fini5)
 *(.fini5)
 *(.fini4)
 *(.fini4)
 *(.fini3)
 *(.fini3)
 *(.fini2)
 *(.fini2)
 *(.fini1)
 *(.fini1)
 *(.fini0)
 .fini0         0x000010da        0x4 c:/winavr-20080610/bin/../lib/gcc/avr/4.3.0/avr4\libgcc.a(_exit.o)
 *(.fini0)
                0x000010de                _etext = .

.data           0x00800060      0x12c load address 0x000010de
                0x00800060                PROVIDE (__data_start, .)
 *(.data)
 .data          0x00800060        0x0 c:/winavr-20080610/bin/../lib/gcc/avr/4.3.0/../../../../avr/lib/avr4/crtm8.o
 .data          0x00800060      0x12b Lampe.o
                0x00800189                setupmode
                0x00800185                signbuf_empty
                0x0080010d                rcvbuf
                0x00800187                adbuf_empty
 .data          0x0080018b        0x0 uart.o
 .data          0x0080018b        0x0 c:/winavr-20080610/bin/../lib/gcc/avr/4.3.0/avr4\libgcc.a(_divmodhi4.o)
 .data          0x0080018b        0x0 c:/winavr-20080610/bin/../lib/gcc/avr/4.3.0/avr4\libgcc.a(_exit.o)
 .data          0x0080018b        0x0 c:/winavr-20080610/bin/../lib/gcc/avr/4.3.0/avr4\libgcc.a(_copy_data.o)
 .data          0x0080018b        0x0 c:/winavr-20080610/bin/../lib/gcc/avr/4.3.0/avr4\libgcc.a(_clear_bss.o)
 .data          0x0080018b        0x0 c:/winavr-20080610/bin/../lib/gcc/avr/4.3.0/avr4\libgcc.a(_udivmodhi4.o)
 .data          0x0080018b        0x0 c:/winavr-20080610/bin/../lib/gcc/avr/4.3.0/../../../../avr/lib/avr4\libc.a(strcmp.o)
 .data          0x0080018b        0x0 c:/winavr-20080610/bin/../lib/gcc/avr/4.3.0/../../../../avr/lib/avr4\libc.a(strcpy.o)
 .data          0x0080018b        0x0 c:/winavr-20080610/bin/../lib/gcc/avr/4.3.0/../../../../avr/lib/avr4\libc.a(sprintf.o)
 .data          0x0080018b        0x0 c:/winavr-20080610/bin/../lib/gcc/avr/4.3.0/../../../../avr/lib/avr4\libc.a(vfprintf_std.o)
 .data          0x0080018b        0x0 c:/winavr-20080610/bin/../lib/gcc/avr/4.3.0/../../../../avr/lib/avr4\libc.a(strnlen_P.o)
 .data          0x0080018b        0x0 c:/winavr-20080610/bin/../lib/gcc/avr/4.3.0/../../../../avr/lib/avr4\libc.a(strnlen.o)
 .data          0x0080018b        0x0 c:/winavr-20080610/bin/../lib/gcc/avr/4.3.0/../../../../avr/lib/avr4\libc.a(fputc.o)
 .data          0x0080018b        0x0 c:/winavr-20080610/bin/../lib/gcc/avr/4.3.0/../../../../avr/lib/avr4\libc.a(ultoa_invert.o)
 .data          0x0080018b        0x0 c:/winavr-20080610/bin/../lib/gcc/avr/4.3.0/avr4\libgcc.a(_prologue.o)
 .data          0x0080018b        0x0 c:/winavr-20080610/bin/../lib/gcc/avr/4.3.0/avr4\libgcc.a(_epilogue.o)
 *(.data*)
 *(.rodata)
 *(.rodata*)
 *(.gnu.linkonce.d*)
                0x0080018c                . = ALIGN (0x2)
 *fill*         0x0080018b        0x1 00
                0x0080018c                _edata = .
                0x0080018c                PROVIDE (__data_end, .)

.bss            0x0080018c      0x24d load address 0x0000120a
                0x0080018c                PROVIDE (__bss_start, .)
 *(.bss)
 .bss           0x0080018c        0x0 c:/winavr-20080610/bin/../lib/gcc/avr/4.3.0/../../../../avr/lib/avr4/crtm8.o
 .bss           0x0080018c       0x1e Lampe.o
                0x0080018c                rcvbuf_iterator
                0x008001a6                nextAdShowslot
                0x00800194                command
                0x0080019e                nextSchildOverwriteslot
                0x008001a0                nextSchildShowslot
                0x0080019a                packet_received
                0x00800198                rcvbuf_invalid
                0x008001a2                Schildslotsused
                0x00800196                rcvbuf_receiving
                0x00800192                compare
                0x0080018e                count
                0x008001a4                nextAdOverwriteslot
                0x0080019c                send_trace_mode
                0x008001a8                Adslotsused
 .bss           0x008001aa        0x7 uart.o
 .bss           0x008001b1        0x0 c:/winavr-20080610/bin/../lib/gcc/avr/4.3.0/avr4\libgcc.a(_divmodhi4.o)
 .bss           0x008001b1        0x0 c:/winavr-20080610/bin/../lib/gcc/avr/4.3.0/avr4\libgcc.a(_exit.o)
 .bss           0x008001b1        0x0 c:/winavr-20080610/bin/../lib/gcc/avr/4.3.0/avr4\libgcc.a(_copy_data.o)
 .bss           0x008001b1        0x0 c:/winavr-20080610/bin/../lib/gcc/avr/4.3.0/avr4\libgcc.a(_clear_bss.o)
 .bss           0x008001b1        0x0 c:/winavr-20080610/bin/../lib/gcc/avr/4.3.0/avr4\libgcc.a(_udivmodhi4.o)
 .bss           0x008001b1        0x0 c:/winavr-20080610/bin/../lib/gcc/avr/4.3.0/../../../../avr/lib/avr4\libc.a(strcmp.o)
 .bss           0x008001b1        0x0 c:/winavr-20080610/bin/../lib/gcc/avr/4.3.0/../../../../avr/lib/avr4\libc.a(strcpy.o)
 .bss           0x008001b1        0x0 c:/winavr-20080610/bin/../lib/gcc/avr/4.3.0/../../../../avr/lib/avr4\libc.a(sprintf.o)
 .bss           0x008001b1        0x0 c:/winavr-20080610/bin/../lib/gcc/avr/4.3.0/../../../../avr/lib/avr4\libc.a(vfprintf_std.o)
 .bss           0x008001b1        0x0 c:/winavr-20080610/bin/../lib/gcc/avr/4.3.0/../../../../avr/lib/avr4\libc.a(strnlen_P.o)
 .bss           0x008001b1        0x0 c:/winavr-20080610/bin/../lib/gcc/avr/4.3.0/../../../../avr/lib/avr4\libc.a(strnlen.o)
 .bss           0x008001b1        0x0 c:/winavr-20080610/bin/../lib/gcc/avr/4.3.0/../../../../avr/lib/avr4\libc.a(fputc.o)
 .bss           0x008001b1        0x0 c:/winavr-20080610/bin/../lib/gcc/avr/4.3.0/../../../../avr/lib/avr4\libc.a(ultoa_invert.o)
 .bss           0x008001b1        0x0 c:/winavr-20080610/bin/../lib/gcc/avr/4.3.0/avr4\libgcc.a(_prologue.o)
 .bss           0x008001b1        0x0 c:/winavr-20080610/bin/../lib/gcc/avr/4.3.0/avr4\libgcc.a(_epilogue.o)
 *(.bss*)
 *(COMMON)
 COMMON         0x008001b1      0x228 Lampe.o
                0x008001b1                lampid
                0x008001b6                schildbuffer
                0x0080026a                csum
                0x00800271                adbuffer
                0x00800361                tempstring
                0x008003d9                PROVIDE (__bss_end, .)
                0x000010de                __data_load_start = LOADADDR (.data)
                0x0000120a                __data_load_end = (__data_load_start + SIZEOF (.data))

.noinit         0x008003d9        0x0
                0x008003d9                PROVIDE (__noinit_start, .)
 *(.noinit*)
                0x008003d9                PROVIDE (__noinit_end, .)
                0x008003d9                _end = .
                0x008003d9                PROVIDE (__heap_start, .)

.eeprom         0x00810000        0x0
 *(.eeprom*)
                0x00810000                __eeprom_end = .

.fuse
 *(.fuse)
 *(.lfuse)
 *(.hfuse)
 *(.efuse)

.lock
 *(.lock*)

.signature
 *(.signature*)

.stab
 *(.stab)

.stabstr
 *(.stabstr)

.stab.excl
 *(.stab.excl)

.stab.exclstr
 *(.stab.exclstr)

.stab.index
 *(.stab.index)

.stab.indexstr
 *(.stab.indexstr)

.comment
 *(.comment)

.debug
 *(.debug)

.line
 *(.line)

.debug_srcinfo
 *(.debug_srcinfo)

.debug_sfnames
 *(.debug_sfnames)

.debug_aranges  0x00000000       0x40
 *(.debug_aranges)
 .debug_aranges
                0x00000000       0x20 Lampe.o
 .debug_aranges
                0x00000020       0x20 uart.o

.debug_pubnames
                0x00000000      0x3fa
 *(.debug_pubnames)
 .debug_pubnames
                0x00000000      0x327 Lampe.o
 .debug_pubnames
                0x00000327       0xd3 uart.o

.debug_info     0x00000000      0xb36
 *(.debug_info)
 .debug_info    0x00000000      0x83c Lampe.o
 .debug_info    0x0000083c      0x2fa uart.o
 *(.gnu.linkonce.wi.*)

.debug_abbrev   0x00000000      0x3c4
 *(.debug_abbrev)
 .debug_abbrev  0x00000000      0x26c Lampe.o
 .debug_abbrev  0x0000026c      0x158 uart.o

.debug_line     0x00000000      0xc1c
 *(.debug_line)
 .debug_line    0x00000000      0x869 Lampe.o
 .debug_line    0x00000869      0x3b3 uart.o

.debug_frame    0x00000000      0x220
 *(.debug_frame)
 .debug_frame   0x00000000      0x150 Lampe.o
 .debug_frame   0x00000150       0xd0 uart.o

.debug_str      0x00000000      0x442
 *(.debug_str)
 .debug_str     0x00000000      0x38c Lampe.o
                                0x3f9 (size before relaxing)
 .debug_str     0x0000038c       0xb6 uart.o
                                0x1b3 (size before relaxing)

.debug_loc      0x00000000      0x3d8
 *(.debug_loc)
 .debug_loc     0x00000000      0x291 Lampe.o
 .debug_loc     0x00000291      0x147 uart.o

.debug_macinfo
 *(.debug_macinfo)
OUTPUT(Lampe.elf elf32-avr)
LOAD linker stubs

.debug_ranges   0x00000000       0x48
 .debug_ranges  0x00000000       0x48 Lampe.o
